---
source: tests/log_parsing.rs
expression: msg
---
---
[Error] 2024-10-15 09:28:45 errors: 1
Cannot open file "/home/bob/missing_file.pdf".; ENOENT: No such file or directory [stat]
---
[Error] 2024-11-08 14:09:13 errors: 4
Cannot read file "ProfileName:/sample@gmail.com/bob/logs.7z".; CURLE_OPERATION_TIMEDOUT: Operation too slow. Less than 1 bytes/sec transferred the last 10 seconds [curl_easy_perform]
Cannot delete file "/home/bob/logs-ad8f.ffs_tmp".; ENOENT: No such file or directory [unlink]
Cannot read file "ProfileName:/sample@gmail.com/bob/log2.7z".; CURLE_OPERATION_TIMEDOUT: Operation too slow. Less than 1 bytes/sec transferred the last 10 seconds [curl_easy_perform]
Cannot delete file "/home/bob/log2-62c0.ffs_tmp".; ENOENT: No such file or directory [unlink]
---
[Stopped] 2024-11-08 14:50:21 errors: 1
Stopped
---
3 logs with 6 error and warnings
---
